ARM Linker, 5.03 [Build 76] [MDK-ARM Professional]

==============================================================================

Section Cross References

    startup.o(RESET) refers to startup.o(STACK) for StackMem
    startup.o(RESET) refers to tetris.o(i.SysTick_Handler) for SysTick_Handler
    startup.o(RESET) refers to uart.o(i.UART1_Handler) for UART1_Handler
    startup.o(RESET) refers to timer0.o(i.Timer0A_Handler) for Timer0A_Handler
    startup.o(RESET) refers to sound.o(i.Timer1A_Handler) for Timer1A_Handler
    startup.o(RESET) refers to timer2.o(i.Timer2A_Handler) for Timer2A_Handler
    startup.o(RESET) refers to tetris.o(i.GPIOPortF_Handler) for GPIOPortF_Handler
    startup.o(RESET) refers to entry.o(.ARM.Collect$$$$00000000) for __main
    random.o(.text) refers to random.o(DATA) for M
    timer0.o(i.Timer0A_Handler) refers to tetris.o(i.Display_Board) for Display_Board
    timer0.o(i.Timer0A_Handler) refers to blocks.o(i.Erase_Block) for Erase_Block
    timer0.o(i.Timer0A_Handler) refers to blocks.o(i.Place_Block) for Place_Block
    timer0.o(i.Timer0A_Handler) refers to blocks.o(i.Drop_Block) for Drop_Block
    timer0.o(i.Timer0A_Handler) refers to dfltui.o(.text) for __aeabi_ui2d
    timer0.o(i.Timer0A_Handler) refers to dmul.o(.text) for __aeabi_dmul
    timer0.o(i.Timer0A_Handler) refers to dadd.o(.text) for __aeabi_dadd
    timer0.o(i.Timer0A_Handler) refers to dfixui.o(.text) for __aeabi_d2uiz
    timer0.o(i.Timer0A_Handler) refers to tetris.o(.data) for currentx
    timer0.o(i.Timer0A_Handler) refers to timer0.o(.data) for TimerCount
    timer0.o(i.Timer0_Init) refers to timer0.o(.data) for TimerCount
    sound.o(i.ButtonSound) refers to sound.o(i.Sound_Play1) for Sound_Play1
    sound.o(i.ButtonSound) refers to sound.o(.constdata) for button
    sound.o(i.NextSound) refers to sound.o(i.Sound_Play1) for Sound_Play1
    sound.o(i.NextSound) refers to sound.o(.constdata) for Drop
    sound.o(i.Sound_Blockhit) refers to sound.o(i.Sound_Play1) for Sound_Play1
    sound.o(i.Sound_Blockhit) refers to sound.o(.constdata) for forcehit
    sound.o(i.Sound_Explosion) refers to sound.o(i.Sound_Play2) for Sound_Play2
    sound.o(i.Sound_Explosion) refers to sound.o(.constdata) for explosion
    sound.o(i.Sound_Fail) refers to sound.o(i.Sound_Play1) for Sound_Play1
    sound.o(i.Sound_Fail) refers to sound.o(.constdata) for RotateFail
    sound.o(i.Sound_Gameover) refers to sound.o(i.Sound_Play1) for Sound_Play1
    sound.o(i.Sound_Gameover) refers to sound.o(.constdata) for gameover2
    sound.o(i.Sound_Init) refers to dac.o(i.DAC_Init) for DAC_Init
    sound.o(i.Sound_Init) refers to timer1.o(i.Timer1_Init) for Timer1_Init
    sound.o(i.Sound_Killed) refers to sound.o(i.Sound_Play1) for Sound_Play1
    sound.o(i.Sound_Killed) refers to sound.o(.constdata) for invaderkilled
    sound.o(i.Sound_NewLine) refers to sound.o(i.Sound_Play1) for Sound_Play1
    sound.o(i.Sound_NewLine) refers to sound.o(.constdata) for Level
    sound.o(i.Sound_Play1) refers to sound.o(.data) for CurrSound
    sound.o(i.Sound_Play2) refers to sound.o(.data) for CurrSound
    sound.o(i.Sound_Rotate) refers to sound.o(i.Sound_Play1) for Sound_Play1
    sound.o(i.Sound_Rotate) refers to sound.o(.constdata) for blockrotate
    sound.o(i.Sound_Start) refers to sound.o(i.Sound_Play2) for Sound_Play2
    sound.o(i.Sound_Start) refers to sound.o(.constdata) for IO_Sound_Effect
    sound.o(i.Timer1A_Handler) refers to dac.o(i.DAC_Out) for DAC_Out
    sound.o(i.Timer1A_Handler) refers to sound.o(.data) for divide
    print.o(.text) refers (Special) to st7735.o(i.ST7735_OutString) for ST7735_OutString
    print.o(.text) refers to st7735.o(i.ST7735_OutChar) for ST7735_OutChar
    st7735.o(i.Output_Clear) refers to st7735.o(i.ST7735_FillScreen) for ST7735_FillScreen
    st7735.o(i.Output_Color) refers to st7735.o(i.ST7735_SetTextColor) for ST7735_SetTextColor
    st7735.o(i.Output_Init) refers to st7735.o(i.ST7735_InitR) for ST7735_InitR
    st7735.o(i.Output_Init) refers to st7735.o(i.ST7735_FillScreen) for ST7735_FillScreen
    st7735.o(i.Output_Off) refers to st7735.o(i.Output_Clear) for Output_Clear
    st7735.o(i.Output_On) refers to st7735.o(i.Output_Init) for Output_Init
    st7735.o(i.ST7735_DrawBitmap) refers to st7735.o(i.setAddrWindow) for setAddrWindow
    st7735.o(i.ST7735_DrawBitmap) refers to lcd.o(.text) for writedata
    st7735.o(i.ST7735_DrawBitmap) refers to st7735.o(.data) for _width
    st7735.o(i.ST7735_DrawChar) refers to st7735.o(i.setAddrWindow) for setAddrWindow
    st7735.o(i.ST7735_DrawChar) refers to st7735.o(i.pushColor) for pushColor
    st7735.o(i.ST7735_DrawChar) refers to st7735.o(.data) for _width
    st7735.o(i.ST7735_DrawChar) refers to st7735.o(.constdata) for Font
    st7735.o(i.ST7735_DrawCharS) refers to st7735.o(i.ST7735_DrawPixel) for ST7735_DrawPixel
    st7735.o(i.ST7735_DrawCharS) refers to st7735.o(i.ST7735_FillRect) for ST7735_FillRect
    st7735.o(i.ST7735_DrawCharS) refers to st7735.o(.data) for _width
    st7735.o(i.ST7735_DrawCharS) refers to st7735.o(.constdata) for Font
    st7735.o(i.ST7735_DrawFastHLine) refers to st7735.o(i.setAddrWindow) for setAddrWindow
    st7735.o(i.ST7735_DrawFastHLine) refers to lcd.o(.text) for writedata
    st7735.o(i.ST7735_DrawFastHLine) refers to st7735.o(.data) for _width
    st7735.o(i.ST7735_DrawFastVLine) refers to st7735.o(i.setAddrWindow) for setAddrWindow
    st7735.o(i.ST7735_DrawFastVLine) refers to lcd.o(.text) for writedata
    st7735.o(i.ST7735_DrawFastVLine) refers to st7735.o(.data) for _width
    st7735.o(i.ST7735_DrawPixel) refers to st7735.o(i.setAddrWindow) for setAddrWindow
    st7735.o(i.ST7735_DrawPixel) refers to st7735.o(i.pushColor) for pushColor
    st7735.o(i.ST7735_DrawPixel) refers to st7735.o(.data) for _width
    st7735.o(i.ST7735_DrawString) refers to st7735.o(i.ST7735_DrawCharS) for ST7735_DrawCharS
    st7735.o(i.ST7735_FillRect) refers to st7735.o(i.setAddrWindow) for setAddrWindow
    st7735.o(i.ST7735_FillRect) refers to lcd.o(.text) for writedata
    st7735.o(i.ST7735_FillRect) refers to st7735.o(.data) for _width
    st7735.o(i.ST7735_FillScreen) refers to st7735.o(i.ST7735_FillRect) for ST7735_FillRect
    st7735.o(i.ST7735_FillScreen) refers to st7735.o(.data) for _height
    st7735.o(i.ST7735_InitB) refers to st7735.o(i.commonInit) for commonInit
    st7735.o(i.ST7735_InitB) refers to st7735.o(i.ST7735_SetCursor) for ST7735_SetCursor
    st7735.o(i.ST7735_InitB) refers to st7735.o(i.ST7735_FillScreen) for ST7735_FillScreen
    st7735.o(i.ST7735_InitB) refers to st7735.o(.constdata) for Bcmd
    st7735.o(i.ST7735_InitB) refers to st7735.o(.data) for StTextColor
    st7735.o(i.ST7735_InitR) refers to st7735.o(i.commonInit) for commonInit
    st7735.o(i.ST7735_InitR) refers to st7735.o(i.commandList) for commandList
    st7735.o(i.ST7735_InitR) refers to lcd.o(.text) for writecommand
    st7735.o(i.ST7735_InitR) refers to st7735.o(i.ST7735_SetCursor) for ST7735_SetCursor
    st7735.o(i.ST7735_InitR) refers to st7735.o(i.ST7735_FillScreen) for ST7735_FillScreen
    st7735.o(i.ST7735_InitR) refers to st7735.o(.constdata) for Rcmd1
    st7735.o(i.ST7735_InitR) refers to st7735.o(.data) for ColStart
    st7735.o(i.ST7735_InvertDisplay) refers to lcd.o(.text) for writecommand
    st7735.o(i.ST7735_OutChar) refers to st7735.o(i.ST7735_DrawString) for ST7735_DrawString
    st7735.o(i.ST7735_OutChar) refers to st7735.o(i.ST7735_DrawCharS) for ST7735_DrawCharS
    st7735.o(i.ST7735_OutChar) refers to st7735.o(.data) for StY
    st7735.o(i.ST7735_OutString) refers to st7735.o(i.ST7735_OutChar) for ST7735_OutChar
    st7735.o(i.ST7735_OutUDec) refers to st7735.o(i.fillmessage) for fillmessage
    st7735.o(i.ST7735_OutUDec) refers to st7735.o(i.ST7735_DrawString) for ST7735_DrawString
    st7735.o(i.ST7735_OutUDec) refers to st7735.o(i.ST7735_DrawCharS) for ST7735_DrawCharS
    st7735.o(i.ST7735_OutUDec) refers to st7735.o(.data) for Messageindex
    st7735.o(i.ST7735_OutUDec) refers to st7735.o(.bss) for Message
    st7735.o(i.ST7735_PlotBar) refers to st7735.o(i.ST7735_DrawFastVLine) for ST7735_DrawFastVLine
    st7735.o(i.ST7735_PlotBar) refers to st7735.o(.data) for Ymin
    st7735.o(i.ST7735_PlotClear) refers to st7735.o(i.ST7735_Color565) for ST7735_Color565
    st7735.o(i.ST7735_PlotClear) refers to st7735.o(i.ST7735_FillRect) for ST7735_FillRect
    st7735.o(i.ST7735_PlotClear) refers to st7735.o(.data) for Ymax
    st7735.o(i.ST7735_PlotLine) refers to st7735.o(i.ST7735_DrawPixel) for ST7735_DrawPixel
    st7735.o(i.ST7735_PlotLine) refers to st7735.o(.data) for Ymin
    st7735.o(i.ST7735_PlotNext) refers to st7735.o(.data) for X
    st7735.o(i.ST7735_PlotNextErase) refers to st7735.o(i.ST7735_Color565) for ST7735_Color565
    st7735.o(i.ST7735_PlotNextErase) refers to st7735.o(i.ST7735_DrawFastVLine) for ST7735_DrawFastVLine
    st7735.o(i.ST7735_PlotNextErase) refers to st7735.o(.data) for X
    st7735.o(i.ST7735_PlotPoint) refers to st7735.o(i.ST7735_DrawPixel) for ST7735_DrawPixel
    st7735.o(i.ST7735_PlotPoint) refers to st7735.o(.data) for Ymin
    st7735.o(i.ST7735_PlotPoints) refers to st7735.o(i.ST7735_DrawPixel) for ST7735_DrawPixel
    st7735.o(i.ST7735_PlotPoints) refers to st7735.o(.data) for Ymin
    st7735.o(i.ST7735_PlotdBfs) refers to st7735.o(i.ST7735_DrawFastVLine) for ST7735_DrawFastVLine
    st7735.o(i.ST7735_PlotdBfs) refers to st7735.o(.constdata) for dBfs
    st7735.o(i.ST7735_PlotdBfs) refers to st7735.o(.data) for X
    st7735.o(i.ST7735_SetCursor) refers to st7735.o(.data) for StX
    st7735.o(i.ST7735_SetRotation) refers to lcd.o(.text) for writecommand
    st7735.o(i.ST7735_SetRotation) refers to st7735.o(.data) for Rotation
    st7735.o(i.ST7735_SetTextColor) refers to st7735.o(.data) for StTextColor
    st7735.o(i.commandList) refers to lcd.o(.text) for writecommand
    st7735.o(i.commandList) refers to st7735.o(i.Delay1ms) for Delay1ms
    st7735.o(i.commonInit) refers to st7735.o(i.Delay1ms) for Delay1ms
    st7735.o(i.commonInit) refers to st7735.o(i.commandList) for commandList
    st7735.o(i.commonInit) refers to st7735.o(.data) for RowStart
    st7735.o(i.fillmessage) refers to st7735.o(.bss) for Message
    st7735.o(i.fillmessage) refers to st7735.o(.data) for Messageindex
    st7735.o(i.fputc) refers to st7735.o(i.ST7735_OutChar) for ST7735_OutChar
    st7735.o(i.pushColor) refers to lcd.o(.text) for writedata
    st7735.o(i.setAddrWindow) refers to lcd.o(.text) for writecommand
    st7735.o(i.setAddrWindow) refers to st7735.o(.data) for ColStart
    tetris.o(i.Board_Init) refers to tetris.o(.bss) for Buffer
    tetris.o(i.Check_Board) refers to tetris.o(i.Display_Board) for Display_Board
    tetris.o(i.Check_Board) refers to tetris.o(.data) for startLine
    tetris.o(i.Check_Board) refers to tetris.o(.bss) for Buffer
    tetris.o(i.Check_Board) refers to timer0.o(.data) for TimerCount
    tetris.o(i.Display_Board) refers to tetris.o(i.Coordinate_ConversionX) for Coordinate_ConversionX
    tetris.o(i.Display_Board) refers to tetris.o(i.Coordinate_ConversionY) for Coordinate_ConversionY
    tetris.o(i.Display_Board) refers to st7735.o(i.ST7735_DrawBitmap) for ST7735_DrawBitmap
    tetris.o(i.Display_Board) refers to tetris.o(.bss) for Buffer
    tetris.o(i.Display_Board) refers to tetris.o(.constdata) for IBlock
    tetris.o(i.Display_Init) refers to tetris.o(i.Coordinate_ConversionX) for Coordinate_ConversionX
    tetris.o(i.Display_Init) refers to tetris.o(i.Coordinate_ConversionY) for Coordinate_ConversionY
    tetris.o(i.Display_Init) refers to st7735.o(i.ST7735_DrawBitmap) for ST7735_DrawBitmap
    tetris.o(i.Display_Init) refers to tetris.o(.constdata) for nBlock
    tetris.o(i.GPIOPortF_Handler) refers to blocks.o(i.Rotate_Block) for Rotate_Block
    tetris.o(i.Game_Over) refers to sound.o(i.Sound_Gameover) for Sound_Gameover
    tetris.o(i.Game_Over) refers to startup.o(.text) for DisableInterrupts
    tetris.o(i.Game_Over) refers to st7735.o(i.ST7735_FillScreen) for ST7735_FillScreen
    tetris.o(i.Game_Over) refers to st7735.o(i.ST7735_SetCursor) for ST7735_SetCursor
    tetris.o(i.Game_Over) refers to st7735.o(i.ST7735_OutString) for ST7735_OutString
    tetris.o(i.Game_Over) refers to print.o(.text) for LCD_OutDec
    tetris.o(i.Game_Over) refers to tetris.o(.data) for score
    tetris.o(i.PortF_Init) refers to startup.o(.text) for EnableInterrupts
    tetris.o(i.SysTick_Handler) refers to adc.o(i.ADC_In) for ADC_In
    tetris.o(i.SysTick_Handler) refers to random.o(.text) for Random_Init
    tetris.o(i.SysTick_Handler) refers to tetris.o(i.Floor) for Floor
    tetris.o(i.SysTick_Handler) refers to blocks.o(i.Erase_Block) for Erase_Block
    tetris.o(i.SysTick_Handler) refers to blocks.o(i.Check_Collision) for Check_Collision
    tetris.o(i.SysTick_Handler) refers to sound.o(i.Sound_Blockhit) for Sound_Blockhit
    tetris.o(i.SysTick_Handler) refers to blocks.o(i.Place_Block) for Place_Block
    tetris.o(i.SysTick_Handler) refers to uart.o(i.UART_OutChar) for UART_OutChar
    tetris.o(i.SysTick_Handler) refers to tetris.o(.data) for Data
    tetris.o(i.main) refers to pll.o(i.PLL_Init) for PLL_Init
    tetris.o(i.main) refers to st7735.o(i.Output_Init) for Output_Init
    tetris.o(i.main) refers to random.o(.text) for Random_Init
    tetris.o(i.main) refers to tetris.o(i.Board_Init) for Board_Init
    tetris.o(i.main) refers to blocks.o(i.Tetris_Init) for Tetris_Init
    tetris.o(i.main) refers to adc.o(i.ADC_Init) for ADC_Init
    tetris.o(i.main) refers to st7735.o(i.ST7735_FillScreen) for ST7735_FillScreen
    tetris.o(i.main) refers to tetris.o(i.Display_Init) for Display_Init
    tetris.o(i.main) refers to tetris.o(i.PortE_Init) for PortE_Init
    tetris.o(i.main) refers to tetris.o(i.PortF_Init) for PortF_Init
    tetris.o(i.main) refers to blocks.o(i.Generate_Block) for Generate_Block
    tetris.o(i.main) refers to tetris.o(i.Display_Board) for Display_Board
    tetris.o(i.main) refers to timer0.o(i.Timer0_Init) for Timer0_Init
    tetris.o(i.main) refers to uart.o(i.UART_Init) for UART_Init
    tetris.o(i.main) refers to tetris.o(i.SysTick_Init) for SysTick_Init
    tetris.o(i.main) refers to sound.o(i.Sound_Init) for Sound_Init
    tetris.o(i.main) refers to startup.o(.text) for EnableInterrupts
    tetris.o(i.main) refers to sound.o(i.Sound_Start) for Sound_Start
    tetris.o(i.main) refers to io.o(i.Wait10ms) for Wait10ms
    tetris.o(i.main) refers to blocks.o(i.FastDrop_Block) for FastDrop_Block
    tetris.o(i.main) refers to tetris.o(i.Delay100ms) for Delay100ms
    tetris.o(i.main) refers to blocks.o(i.Rotate_Block) for Rotate_Block
    tetris.o(i.main) refers to sound.o(i.Sound_Rotate) for Sound_Rotate
    tetris.o(i.main) refers to fifo.o(i.FiFo_Get) for FiFo_Get
    tetris.o(i.main) refers to blocks.o(i.Add_Line) for Add_Line
    tetris.o(i.main) refers to tetris.o(.data) for nextBlock
    io.o(i.IO_Touch) refers to io.o(i.Wait10ms) for Wait10ms
    timer2.o(i.Timer2A_Handler) refers to tetris.o(i.Display_Board) for Display_Board
    timer2.o(i.Timer2A_Handler) refers to tetris.o(i.Check_Board) for Check_Board
    timer2.o(i.Timer2A_Handler) refers to blocks.o(i.Drop_Block) for Drop_Block
    blocks.o(i.Add_Line) refers to tetris.o(.bss) for Buffer
    blocks.o(i.Add_Line) refers to tetris.o(.data) for startLine
    blocks.o(i.Check_Collision) refers to blocks.o(.bss) for Tetris
    blocks.o(i.Check_Collision) refers to tetris.o(.bss) for Buffer
    blocks.o(i.Check_Drop) refers to blocks.o(.bss) for Tetris
    blocks.o(i.Check_Drop) refers to tetris.o(.bss) for Buffer
    blocks.o(i.Drop_Block) refers to blocks.o(i.Erase_Block) for Erase_Block
    blocks.o(i.Drop_Block) refers to blocks.o(i.Check_Drop) for Check_Drop
    blocks.o(i.Drop_Block) refers to sound.o(i.ButtonSound) for ButtonSound
    blocks.o(i.Drop_Block) refers to blocks.o(i.Place_Block) for Place_Block
    blocks.o(i.Drop_Block) refers to sound.o(i.Sound_Blockhit) for Sound_Blockhit
    blocks.o(i.Drop_Block) refers to tetris.o(i.Check_Board) for Check_Board
    blocks.o(i.Drop_Block) refers to blocks.o(i.Generate_Block) for Generate_Block
    blocks.o(i.Drop_Block) refers to tetris.o(i.Display_Board) for Display_Board
    blocks.o(i.Drop_Block) refers to sound.o(i.Sound_NewLine) for Sound_NewLine
    blocks.o(i.Drop_Block) refers to tetris.o(.data) for currenty
    blocks.o(i.Drop_Block) refers to blocks.o(.data) for dropFlag
    blocks.o(i.Erase_Block) refers to blocks.o(.bss) for Tetris
    blocks.o(i.Erase_Block) refers to tetris.o(.data) for tempx
    blocks.o(i.Erase_Block) refers to tetris.o(.bss) for Buffer
    blocks.o(i.FastDrop_Block) refers to blocks.o(i.Drop_Block) for Drop_Block
    blocks.o(i.FastDrop_Block) refers to blocks.o(.data) for dropFlag
    blocks.o(i.FastDrop_Block) refers to tetris.o(.data) for fdropCount
    blocks.o(i.Generate_Block) refers to blocks.o(i.Check_Collision) for Check_Collision
    blocks.o(i.Generate_Block) refers to blocks.o(i.Place_Block) for Place_Block
    blocks.o(i.Generate_Block) refers to tetris.o(i.Game_Over) for Game_Over
    blocks.o(i.Generate_Block) refers to random.o(.text) for Random
    blocks.o(i.Generate_Block) refers to tetris.o(.data) for nextBlock
    blocks.o(i.Generate_Block) refers to tetris.o(i.Display_Board) for Display_Board
    blocks.o(i.Place_Block) refers to tetris.o(.data) for tempx
    blocks.o(i.Place_Block) refers to blocks.o(.bss) for Tetris
    blocks.o(i.Place_Block) refers to tetris.o(.bss) for Buffer
    blocks.o(i.Place_Block) refers to blocks.o(.data) for blockColor
    blocks.o(i.Rotate_Block) refers to blocks.o(i.Erase_Block) for Erase_Block
    blocks.o(i.Rotate_Block) refers to blocks.o(i.Check_Collision) for Check_Collision
    blocks.o(i.Rotate_Block) refers to blocks.o(i.Place_Block) for Place_Block
    blocks.o(i.Rotate_Block) refers to tetris.o(i.Display_Board) for Display_Board
    blocks.o(i.Rotate_Block) refers to tetris.o(.data) for currentx
    blocks.o(i.Tetris_Init) refers to blocks.o(.bss) for Tetris
    fifo.o(i.FiFo_Get) refers to fifo.o(.data) for GetI
    fifo.o(i.FiFo_Init) refers to fifo.o(.data) for GetI
    fifo.o(i.FiFo_Put) refers to fifo.o(.data) for PutI
    uart.o(i.UART1_Handler) refers to uart.o(i.UART_InChar) for UART_InChar
    uart.o(i.UART1_Handler) refers to fifo.o(i.FiFo_Put) for FiFo_Put
    uart.o(i.UART1_Handler) refers to uart.o(.data) for RxCounter
    uart.o(i.UART_Init) refers to fifo.o(i.FiFo_Init) for FiFo_Init
    entry.o(.ARM.Collect$$$$00000000) refers (Special) to entry10a.o(.ARM.Collect$$$$0000000D) for __rt_final_cpp
    entry.o(.ARM.Collect$$$$00000000) refers (Special) to entry11a.o(.ARM.Collect$$$$0000000F) for __rt_final_exit
    entry.o(.ARM.Collect$$$$00000000) refers (Special) to entry7b.o(.ARM.Collect$$$$00000008) for _main_clock
    entry.o(.ARM.Collect$$$$00000000) refers (Special) to entry8b.o(.ARM.Collect$$$$0000000A) for _main_cpp_init
    entry.o(.ARM.Collect$$$$00000000) refers (Special) to entry9a.o(.ARM.Collect$$$$0000000B) for _main_init
    entry.o(.ARM.Collect$$$$00000000) refers (Special) to entry5.o(.ARM.Collect$$$$00000004) for _main_scatterload
    entry.o(.ARM.Collect$$$$00000000) refers (Special) to entry2.o(.ARM.Collect$$$$00000001) for _main_stk
    dadd.o(.text) refers (Special) to iusefp.o(.text) for __I$use$fp
    dadd.o(.text) refers to llshl.o(.text) for __aeabi_llsl
    dadd.o(.text) refers to llsshr.o(.text) for __aeabi_lasr
    dadd.o(.text) refers to depilogue.o(.text) for _double_epilogue
    dmul.o(.text) refers (Special) to iusefp.o(.text) for __I$use$fp
    dmul.o(.text) refers to depilogue.o(.text) for _double_epilogue
    dfltui.o(.text) refers (Special) to iusefp.o(.text) for __I$use$fp
    dfltui.o(.text) refers to depilogue.o(.text) for _double_epilogue
    dfixui.o(.text) refers (Special) to iusefp.o(.text) for __I$use$fp
    dfixui.o(.text) refers to llushr.o(.text) for __aeabi_llsr
    entry2.o(.ARM.Collect$$$$00000001) refers to entry2.o(.ARM.Collect$$$$00002712) for __lit__00000000
    entry2.o(.ARM.Collect$$$$00002712) refers to startup.o(STACK) for __initial_sp
    entry2.o(__vectab_stack_and_reset_area) refers to startup.o(STACK) for __initial_sp
    entry2.o(__vectab_stack_and_reset_area) refers to entry.o(.ARM.Collect$$$$00000000) for __main
    entry5.o(.ARM.Collect$$$$00000004) refers to init.o(.text) for __scatterload
    entry9a.o(.ARM.Collect$$$$0000000B) refers to tetris.o(i.main) for main
    entry9b.o(.ARM.Collect$$$$0000000C) refers to tetris.o(i.main) for main
    depilogue.o(.text) refers to llshl.o(.text) for __aeabi_llsl
    depilogue.o(.text) refers to llushr.o(.text) for __aeabi_llsr
    init.o(.text) refers to entry5.o(.ARM.Collect$$$$00000004) for __main_after_scatterload


==============================================================================

Removing Unused input sections from the image.

    Removing startup.o(HEAP), (0 bytes).
    Removing sound.o(i.NextSound), (20 bytes).
    Removing sound.o(i.Sound_Explosion), (20 bytes).
    Removing sound.o(i.Sound_Fail), (20 bytes).
    Removing sound.o(i.Sound_Killed), (20 bytes).
    Removing st7735.o(i.Output_Clear), (10 bytes).
    Removing st7735.o(i.Output_Color), (12 bytes).
    Removing st7735.o(i.Output_Off), (8 bytes).
    Removing st7735.o(i.Output_On), (8 bytes).
    Removing st7735.o(i.ST7735_Color565), (24 bytes).
    Removing st7735.o(i.ST7735_DrawChar), (268 bytes).
    Removing st7735.o(i.ST7735_DrawFastHLine), (124 bytes).
    Removing st7735.o(i.ST7735_DrawFastVLine), (124 bytes).
    Removing st7735.o(i.ST7735_InitB), (40 bytes).
    Removing st7735.o(i.ST7735_InvertDisplay), (22 bytes).
    Removing st7735.o(i.ST7735_OutUDec), (140 bytes).
    Removing st7735.o(i.ST7735_PlotBar), (88 bytes).
    Removing st7735.o(i.ST7735_PlotClear), (92 bytes).
    Removing st7735.o(i.ST7735_PlotLine), (264 bytes).
    Removing st7735.o(i.ST7735_PlotNext), (32 bytes).
    Removing st7735.o(i.ST7735_PlotNextErase), (64 bytes).
    Removing st7735.o(i.ST7735_PlotPoint), (152 bytes).
    Removing st7735.o(i.ST7735_PlotPoints), (172 bytes).
    Removing st7735.o(i.ST7735_PlotdBfs), (60 bytes).
    Removing st7735.o(i.ST7735_SetRotation), (212 bytes).
    Removing st7735.o(i.ST7735_SetTextColor), (12 bytes).
    Removing st7735.o(i.ST7735_SwapColor), (18 bytes).
    Removing st7735.o(i.ferror), (8 bytes).
    Removing st7735.o(i.fgetc), (6 bytes).
    Removing st7735.o(i.fillmessage), (72 bytes).
    Removing st7735.o(i.fputc), (16 bytes).
    Removing st7735.o(.bss), (12 bytes).
    Removing tetris.o(i.Wait1ms), (32 bytes).
    Removing io.o(i.IO_HeartBeat), (24 bytes).
    Removing io.o(i.IO_Init), (104 bytes).
    Removing io.o(i.IO_Touch), (40 bytes).
    Removing timer2.o(i.Timer2_Init), (100 bytes).

37 unused section(s) (total 2440 bytes) removed from the image.

==============================================================================

Image Symbol Table

    Local Symbols

    Symbol Name                              Value     Ov Type        Size  Object(Section)

    RESET                                    0x00000000   Section      644  startup.o(RESET)
    ../clib/microlib/init/entry.s            0x00000000   Number         0  entry7a.o ABSOLUTE
    ../clib/microlib/init/entry.s            0x00000000   Number         0  entry7b.o ABSOLUTE
    ../clib/microlib/init/entry.s            0x00000000   Number         0  entry8a.o ABSOLUTE
    ../clib/microlib/init/entry.s            0x00000000   Number         0  entry2.o ABSOLUTE
    ../clib/microlib/init/entry.s            0x00000000   Number         0  entry10a.o ABSOLUTE
    ../clib/microlib/init/entry.s            0x00000000   Number         0  entry8b.o ABSOLUTE
    ../clib/microlib/init/entry.s            0x00000000   Number         0  entry9a.o ABSOLUTE
    ../clib/microlib/init/entry.s            0x00000000   Number         0  entry.o ABSOLUTE
    ../clib/microlib/init/entry.s            0x00000000   Number         0  entry9b.o ABSOLUTE
    ../clib/microlib/init/entry.s            0x00000000   Number         0  entry10b.o ABSOLUTE
    ../clib/microlib/init/entry.s            0x00000000   Number         0  entry11a.o ABSOLUTE
    ../clib/microlib/init/entry.s            0x00000000   Number         0  entry11b.o ABSOLUTE
    ../clib/microlib/init/entry.s            0x00000000   Number         0  entry5.o ABSOLUTE
    ../clib/microlib/longlong.c              0x00000000   Number         0  llushr.o ABSOLUTE
    ../clib/microlib/longlong.c              0x00000000   Number         0  llshl.o ABSOLUTE
    ../clib/microlib/longlong.c              0x00000000   Number         0  llsshr.o ABSOLUTE
    ../clib/microlib/stubs.s                 0x00000000   Number         0  iusefp.o ABSOLUTE
    ../fplib/microlib/fpadd.c                0x00000000   Number         0  dadd.o ABSOLUTE
    ../fplib/microlib/fpepilogue.c           0x00000000   Number         0  depilogue.o ABSOLUTE
    ../fplib/microlib/fpfix.c                0x00000000   Number         0  dfixui.o ABSOLUTE
    ../fplib/microlib/fpflt.c                0x00000000   Number         0  dfltui.o ABSOLUTE
    ../fplib/microlib/fpmul.c                0x00000000   Number         0  dmul.o ABSOLUTE
    ADC.c                                    0x00000000   Number         0  adc.o ABSOLUTE
    Blocks.c                                 0x00000000   Number         0  blocks.o ABSOLUTE
    DAC.c                                    0x00000000   Number         0  dac.o ABSOLUTE
    FiFo.c                                   0x00000000   Number         0  fifo.o ABSOLUTE
    IO.c                                     0x00000000   Number         0  io.o ABSOLUTE
    LCD.s                                    0x00000000   Number         0  lcd.o ABSOLUTE
    PLL.c                                    0x00000000   Number         0  pll.o ABSOLUTE
    Print.s                                  0x00000000   Number         0  print.o ABSOLUTE
    ST7735.c                                 0x00000000   Number         0  st7735.o ABSOLUTE
    Sound.c                                  0x00000000   Number         0  sound.o ABSOLUTE
    Tetris.c                                 0x00000000   Number         0  tetris.o ABSOLUTE
    Timer0.c                                 0x00000000   Number         0  timer0.o ABSOLUTE
    Timer1.c                                 0x00000000   Number         0  timer1.o ABSOLUTE
    Timer2.c                                 0x00000000   Number         0  timer2.o ABSOLUTE
    UART.c                                   0x00000000   Number         0  uart.o ABSOLUTE
    dc.s                                     0x00000000   Number         0  dc.o ABSOLUTE
    handlers.s                               0x00000000   Number         0  handlers.o ABSOLUTE
    init.s                                   0x00000000   Number         0  init.o ABSOLUTE
    random.s                                 0x00000000   Number         0  random.o ABSOLUTE
    startup.s                                0x00000000   Number         0  startup.o ABSOLUTE
    .ARM.Collect$$$$00000000                 0x00000284   Section        0  entry.o(.ARM.Collect$$$$00000000)
    .ARM.Collect$$$$00000001                 0x00000284   Section        4  entry2.o(.ARM.Collect$$$$00000001)
    .ARM.Collect$$$$00000004                 0x00000288   Section        4  entry5.o(.ARM.Collect$$$$00000004)
    .ARM.Collect$$$$00000008                 0x0000028c   Section        0  entry7b.o(.ARM.Collect$$$$00000008)
    .ARM.Collect$$$$0000000A                 0x0000028c   Section        0  entry8b.o(.ARM.Collect$$$$0000000A)
    .ARM.Collect$$$$0000000B                 0x0000028c   Section        8  entry9a.o(.ARM.Collect$$$$0000000B)
    .ARM.Collect$$$$0000000D                 0x00000294   Section        0  entry10a.o(.ARM.Collect$$$$0000000D)
    .ARM.Collect$$$$0000000F                 0x00000294   Section        0  entry11a.o(.ARM.Collect$$$$0000000F)
    .ARM.Collect$$$$00002712                 0x00000294   Section        4  entry2.o(.ARM.Collect$$$$00002712)
    __lit__00000000                          0x00000294   Data           4  entry2.o(.ARM.Collect$$$$00002712)
    .text                                    0x00000298   Section       28  startup.o(.text)
    .text                                    0x000002b4   Section       60  random.o(.text)
    .text                                    0x000002f0   Section       80  lcd.o(.text)
    .text                                    0x00000340   Section      428  print.o(.text)
    .text                                    0x000004ec   Section        0  dadd.o(.text)
    .text                                    0x0000063a   Section        0  dmul.o(.text)
    .text                                    0x0000071e   Section        0  dfltui.o(.text)
    .text                                    0x00000738   Section        0  dfixui.o(.text)
    .text                                    0x0000076a   Section        0  llshl.o(.text)
    .text                                    0x00000788   Section        0  llushr.o(.text)
    .text                                    0x000007a8   Section        0  llsshr.o(.text)
    .text                                    0x000007cc   Section        0  iusefp.o(.text)
    .text                                    0x000007cc   Section        0  depilogue.o(.text)
    .text                                    0x0000088c   Section       36  init.o(.text)
    i.ADC_In                                 0x000008b0   Section        0  adc.o(i.ADC_In)
    i.ADC_Init                               0x000008dc   Section        0  adc.o(i.ADC_Init)
    i.Add_Line                               0x000009bc   Section        0  blocks.o(i.Add_Line)
    i.Board_Init                             0x00000a20   Section        0  tetris.o(i.Board_Init)
    i.ButtonSound                            0x00000a58   Section        0  sound.o(i.ButtonSound)
    i.Check_Board                            0x00000a6c   Section        0  tetris.o(i.Check_Board)
    i.Check_Collision                        0x00000b88   Section        0  blocks.o(i.Check_Collision)
    i.Check_Drop                             0x00000cbc   Section        0  blocks.o(i.Check_Drop)
    i.Coordinate_ConversionX                 0x00000db0   Section        0  tetris.o(i.Coordinate_ConversionX)
    i.Coordinate_ConversionY                 0x00000db8   Section        0  tetris.o(i.Coordinate_ConversionY)
    i.DAC_Init                               0x00000dc4   Section        0  dac.o(i.DAC_Init)
    i.DAC_Out                                0x00000e18   Section        0  dac.o(i.DAC_Out)
    i.Delay100ms                             0x00000e24   Section        0  tetris.o(i.Delay100ms)
    i.Delay1ms                               0x00000e48   Section        0  st7735.o(i.Delay1ms)
    i.Display_Board                          0x00000e68   Section        0  tetris.o(i.Display_Board)
    i.Display_Init                           0x00000fc4   Section        0  tetris.o(i.Display_Init)
    i.Drop_Block                             0x00001004   Section        0  blocks.o(i.Drop_Block)
    i.Erase_Block                            0x000010c8   Section        0  blocks.o(i.Erase_Block)
    i.FastDrop_Block                         0x000011f0   Section        0  blocks.o(i.FastDrop_Block)
    i.FiFo_Get                               0x0000121c   Section        0  fifo.o(i.FiFo_Get)
    i.FiFo_Init                              0x00001260   Section        0  fifo.o(i.FiFo_Init)
    i.FiFo_Put                               0x00001274   Section        0  fifo.o(i.FiFo_Put)
    i.Floor                                  0x000012c4   Section        0  tetris.o(i.Floor)
    i.GPIOPortF_Handler                      0x0000131c   Section        0  tetris.o(i.GPIOPortF_Handler)
    i.Game_Over                              0x00001330   Section        0  tetris.o(i.Game_Over)
    i.Generate_Block                         0x00001390   Section        0  blocks.o(i.Generate_Block)
    i.Output_Init                            0x000017cc   Section        0  st7735.o(i.Output_Init)
    i.PLL_Init                               0x000017dc   Section        0  pll.o(i.PLL_Init)
    i.Place_Block                            0x00001858   Section        0  blocks.o(i.Place_Block)
    i.PortE_Init                             0x00001978   Section        0  tetris.o(i.PortE_Init)
    i.PortF_Init                             0x000019d0   Section        0  tetris.o(i.PortF_Init)
    i.Rotate_Block                           0x00001ad0   Section        0  blocks.o(i.Rotate_Block)
    i.ST7735_DrawBitmap                      0x00001cb0   Section        0  st7735.o(i.ST7735_DrawBitmap)
    i.ST7735_DrawCharS                       0x00001dd0   Section        0  st7735.o(i.ST7735_DrawCharS)
    i.ST7735_DrawPixel                       0x00001ec4   Section        0  st7735.o(i.ST7735_DrawPixel)
    i.ST7735_DrawString                      0x00001f0c   Section        0  st7735.o(i.ST7735_DrawString)
    i.ST7735_FillRect                        0x00001f64   Section        0  st7735.o(i.ST7735_FillRect)
    i.ST7735_FillScreen                      0x00002010   Section        0  st7735.o(i.ST7735_FillScreen)
    i.ST7735_InitR                           0x00002034   Section        0  st7735.o(i.ST7735_InitR)
    i.ST7735_OutChar                         0x000020b0   Section        0  st7735.o(i.ST7735_OutChar)
    i.ST7735_OutString                       0x00002184   Section        0  st7735.o(i.ST7735_OutString)
    i.ST7735_SetCursor                       0x0000219c   Section        0  st7735.o(i.ST7735_SetCursor)
    i.Sound_Blockhit                         0x000021bc   Section        0  sound.o(i.Sound_Blockhit)
    i.Sound_Gameover                         0x000021d0   Section        0  sound.o(i.Sound_Gameover)
    i.Sound_Init                             0x000021e4   Section        0  sound.o(i.Sound_Init)
    i.Sound_NewLine                          0x000021f4   Section        0  sound.o(i.Sound_NewLine)
    i.Sound_Play1                            0x00002208   Section        0  sound.o(i.Sound_Play1)
    i.Sound_Play2                            0x00002238   Section        0  sound.o(i.Sound_Play2)
    i.Sound_Rotate                           0x00002268   Section        0  sound.o(i.Sound_Rotate)
    i.Sound_Start                            0x0000227c   Section        0  sound.o(i.Sound_Start)
    i.SysTick_Handler                        0x00002290   Section        0  tetris.o(i.SysTick_Handler)
    i.SysTick_Init                           0x00002484   Section        0  tetris.o(i.SysTick_Init)
    i.Tetris_Init                            0x000024b8   Section        0  blocks.o(i.Tetris_Init)
    i.Timer0A_Handler                        0x00002980   Section        0  timer0.o(i.Timer0A_Handler)
    i.Timer0_Init                            0x00002b14   Section        0  timer0.o(i.Timer0_Init)
    i.Timer1A_Handler                        0x00002b8c   Section        0  sound.o(i.Timer1A_Handler)
    i.Timer1_Init                            0x00002c18   Section        0  timer1.o(i.Timer1_Init)
    i.Timer2A_Handler                        0x00002c70   Section        0  timer2.o(i.Timer2A_Handler)
    i.UART1_Handler                          0x00002c9c   Section        0  uart.o(i.UART1_Handler)
    i.UART_InChar                            0x00002cd0   Section        0  uart.o(i.UART_InChar)
    i.UART_Init                              0x00002ce8   Section        0  uart.o(i.UART_Init)
    i.UART_OutChar                           0x00002dc4   Section        0  uart.o(i.UART_OutChar)
    i.Wait10ms                               0x00002ddc   Section        0  io.o(i.Wait10ms)
    i.__scatterload_copy                     0x00002dfc   Section       14  handlers.o(i.__scatterload_copy)
    i.__scatterload_null                     0x00002e0a   Section        2  handlers.o(i.__scatterload_null)
    i.__scatterload_zeroinit                 0x00002e0c   Section       14  handlers.o(i.__scatterload_zeroinit)
    i.commandList                            0x00002e1a   Section        0  st7735.o(i.commandList)
    commandList                              0x00002e1b   Thumb Code    86  st7735.o(i.commandList)
    i.commonInit                             0x00002e70   Section        0  st7735.o(i.commonInit)
    commonInit                               0x00002e71   Thumb Code   340  st7735.o(i.commonInit)
    i.main                                   0x00002ff4   Section        0  tetris.o(i.main)
    i.pushColor                              0x00003154   Section        0  st7735.o(i.pushColor)
    pushColor                                0x00003155   Thumb Code    18  st7735.o(i.pushColor)
    i.setAddrWindow                          0x00003168   Section        0  st7735.o(i.setAddrWindow)
    setAddrWindow                            0x00003169   Thumb Code   106  st7735.o(i.setAddrWindow)
    .constdata                               0x000031dc   Section    224518  sound.o(.constdata)
    .constdata                               0x00039ee2   Section     2018  st7735.o(.constdata)
    Font                                     0x00039ee2   Data        1275  st7735.o(.constdata)
    Bcmd                                     0x0003a3dd   Data         103  st7735.o(.constdata)
    Rcmd1                                    0x0003a444   Data          59  st7735.o(.constdata)
    Rcmd2green                               0x0003a47f   Data          13  st7735.o(.constdata)
    Rcmd2red                                 0x0003a48c   Data          13  st7735.o(.constdata)
    Rcmd3                                    0x0003a499   Data          43  st7735.o(.constdata)
    .constdata                               0x0003a6c4   Section      882  tetris.o(.constdata)
    .data                                    0x20000000   Section        8  timer0.o(.data)
    .data                                    0x20000008   Section       20  sound.o(.data)
    .data                                    0x2000001c   Section       44  st7735.o(.data)
    _width                                   0x20000026   Data           2  st7735.o(.data)
    _height                                  0x20000028   Data           2  st7735.o(.data)
    ColStart                                 0x20000030   Data           1  st7735.o(.data)
    RowStart                                 0x20000031   Data           1  st7735.o(.data)
    Rotation                                 0x20000032   Data           1  st7735.o(.data)
    TabColor                                 0x20000033   Data           1  st7735.o(.data)
    .data                                    0x20000048   Section       43  tetris.o(.data)
    .data                                    0x20000074   Section       18  blocks.o(.data)
    .data                                    0x20000086   Section       10  fifo.o(.data)
    PutI                                     0x20000086   Data           1  fifo.o(.data)
    GetI                                     0x20000087   Data           1  fifo.o(.data)
    .data                                    0x20000090   Section        8  uart.o(.data)
    DATA                                     0x20000098   Section        4  random.o(DATA)
    M                                        0x20000098   Data           4  random.o(DATA)
    .bss                                     0x2000009c   Section      640  tetris.o(.bss)
    .bss                                     0x2000031c   Section     1088  blocks.o(.bss)
    STACK                                    0x20000760   Section     1024  startup.o(STACK)
    StackMem                                 0x20000760   Data           0  startup.o(STACK)

    Global Symbols

    Symbol Name                              Value     Ov Type        Size  Object(Section)

    BuildAttributes$$THM_ISAv4$E$P$D$K$B$S$7EM$PE$A:L22UL41UL21$X:L11$S22US41US21$IEEE1$IW$USESV6$~STKCKD$USESV7$~SHL$OSPACE$ROPI$EBA8$MICROLIB$REQ8$PRES8$EABIv2 0x00000000   Number         0  anon$$obj.o ABSOLUTE
    __ARM_use_no_argv                        0x00000000   Number         0  tetris.o ABSOLUTE
    __Vectors                                0x00000000   Data           0  startup.o(RESET)
    __cpp_initialize__aeabi_                  - Undefined Weak Reference
    __cxa_finalize                            - Undefined Weak Reference
    __decompress                              - Undefined Weak Reference
    _clock_init                               - Undefined Weak Reference
    _microlib_exit                            - Undefined Weak Reference
    Reset_Handler                            0x0000026d   Thumb Code     0  startup.o(RESET)
    NMI_Handler                              0x00000271   Thumb Code     2  startup.o(RESET)
    HardFault_Handler                        0x00000273   Thumb Code     2  startup.o(RESET)
    MemManage_Handler                        0x00000275   Thumb Code     2  startup.o(RESET)
    BusFault_Handler                         0x00000277   Thumb Code     2  startup.o(RESET)
    UsageFault_Handler                       0x00000279   Thumb Code     2  startup.o(RESET)
    SVC_Handler                              0x0000027b   Thumb Code     2  startup.o(RESET)
    DebugMon_Handler                         0x0000027d   Thumb Code     2  startup.o(RESET)
    PendSV_Handler                           0x0000027f   Thumb Code     2  startup.o(RESET)
    ADC0Seq0_Handler                         0x00000283   Thumb Code     0  startup.o(RESET)
    ADC0Seq1_Handler                         0x00000283   Thumb Code     0  startup.o(RESET)
    ADC0Seq2_Handler                         0x00000283   Thumb Code     0  startup.o(RESET)
    ADC0Seq3_Handler                         0x00000283   Thumb Code     0  startup.o(RESET)
    ADC1Seq0_Handler                         0x00000283   Thumb Code     0  startup.o(RESET)
    ADC1Seq1_Handler                         0x00000283   Thumb Code     0  startup.o(RESET)
    ADC1Seq2_Handler                         0x00000283   Thumb Code     0  startup.o(RESET)
    ADC1Seq3_Handler                         0x00000283   Thumb Code     0  startup.o(RESET)
    CAN0_Handler                             0x00000283   Thumb Code     0  startup.o(RESET)
    CAN1_Handler                             0x00000283   Thumb Code     0  startup.o(RESET)
    CAN2_Handler                             0x00000283   Thumb Code     0  startup.o(RESET)
    Comp0_Handler                            0x00000283   Thumb Code     0  startup.o(RESET)
    Comp1_Handler                            0x00000283   Thumb Code     0  startup.o(RESET)
    Comp2_Handler                            0x00000283   Thumb Code     0  startup.o(RESET)
    Ethernet_Handler                         0x00000283   Thumb Code     0  startup.o(RESET)
    ExtBus_Handler                           0x00000283   Thumb Code     0  startup.o(RESET)
    FPU_Handler                              0x00000283   Thumb Code     0  startup.o(RESET)
    Fan0_Handler                             0x00000283   Thumb Code     0  startup.o(RESET)
    FlashCtl_Handler                         0x00000283   Thumb Code     0  startup.o(RESET)
    GPIOPortA_Handler                        0x00000283   Thumb Code     0  startup.o(RESET)
    GPIOPortB_Handler                        0x00000283   Thumb Code     0  startup.o(RESET)
    GPIOPortC_Handler                        0x00000283   Thumb Code     0  startup.o(RESET)
    GPIOPortD_Handler                        0x00000283   Thumb Code     0  startup.o(RESET)
    GPIOPortE_Handler                        0x00000283   Thumb Code     0  startup.o(RESET)
    GPIOPortG_Handler                        0x00000283   Thumb Code     0  startup.o(RESET)
    GPIOPortH_Handler                        0x00000283   Thumb Code     0  startup.o(RESET)
    GPIOPortJ_Handler                        0x00000283   Thumb Code     0  startup.o(RESET)
    GPIOPortK_Handler                        0x00000283   Thumb Code     0  startup.o(RESET)
    GPIOPortL_Handler                        0x00000283   Thumb Code     0  startup.o(RESET)
    GPIOPortM_Handler                        0x00000283   Thumb Code     0  startup.o(RESET)
    GPIOPortN_Handler                        0x00000283   Thumb Code     0  startup.o(RESET)
    GPIOPortP1_Handler                       0x00000283   Thumb Code     0  startup.o(RESET)
    GPIOPortP2_Handler                       0x00000283   Thumb Code     0  startup.o(RESET)
    GPIOPortP3_Handler                       0x00000283   Thumb Code     0  startup.o(RESET)
    GPIOPortP4_Handler                       0x00000283   Thumb Code     0  startup.o(RESET)
    GPIOPortP5_Handler                       0x00000283   Thumb Code     0  startup.o(RESET)
    GPIOPortP6_Handler                       0x00000283   Thumb Code     0  startup.o(RESET)
    GPIOPortP7_Handler                       0x00000283   Thumb Code     0  startup.o(RESET)
    GPIOPortP_Handler                        0x00000283   Thumb Code     0  startup.o(RESET)
    GPIOPortQ1_Handler                       0x00000283   Thumb Code     0  startup.o(RESET)
    GPIOPortQ2_Handler                       0x00000283   Thumb Code     0  startup.o(RESET)
    GPIOPortQ3_Handler                       0x00000283   Thumb Code     0  startup.o(RESET)
    GPIOPortQ4_Handler                       0x00000283   Thumb Code     0  startup.o(RESET)
    GPIOPortQ5_Handler                       0x00000283   Thumb Code     0  startup.o(RESET)
    GPIOPortQ6_Handler                       0x00000283   Thumb Code     0  startup.o(RESET)
    GPIOPortQ7_Handler                       0x00000283   Thumb Code     0  startup.o(RESET)
    GPIOPortQ_Handler                        0x00000283   Thumb Code     0  startup.o(RESET)
    GPIOPortR_Handler                        0x00000283   Thumb Code     0  startup.o(RESET)
    GPIOPortS_Handler                        0x00000283   Thumb Code     0  startup.o(RESET)
    Hibernate_Handler                        0x00000283   Thumb Code     0  startup.o(RESET)
    I2C0_Handler                             0x00000283   Thumb Code     0  startup.o(RESET)
    I2C1_Handler                             0x00000283   Thumb Code     0  startup.o(RESET)
    I2C2_Handler                             0x00000283   Thumb Code     0  startup.o(RESET)
    I2C3_Handler                             0x00000283   Thumb Code     0  startup.o(RESET)
    I2C4_Handler                             0x00000283   Thumb Code     0  startup.o(RESET)
    I2C5_Handler                             0x00000283   Thumb Code     0  startup.o(RESET)
    I2S0_Handler                             0x00000283   Thumb Code     0  startup.o(RESET)
    LPC0_Handler                             0x00000283   Thumb Code     0  startup.o(RESET)
    PECI0_Handler                            0x00000283   Thumb Code     0  startup.o(RESET)
    PWM0Fault_Handler                        0x00000283   Thumb Code     0  startup.o(RESET)
    PWM0Generator0_Handler                   0x00000283   Thumb Code     0  startup.o(RESET)
    PWM0Generator1_Handler                   0x00000283   Thumb Code     0  startup.o(RESET)
    PWM0Generator2_Handler                   0x00000283   Thumb Code     0  startup.o(RESET)
    PWM0Generator3_Handler                   0x00000283   Thumb Code     0  startup.o(RESET)
    PWM1Fault_Handler                        0x00000283   Thumb Code     0  startup.o(RESET)
    PWM1Generator0_Handler                   0x00000283   Thumb Code     0  startup.o(RESET)
    PWM1Generator1_Handler                   0x00000283   Thumb Code     0  startup.o(RESET)
    PWM1Generator2_Handler                   0x00000283   Thumb Code     0  startup.o(RESET)
    PWM1Generator3_Handler                   0x00000283   Thumb Code     0  startup.o(RESET)
    Quadrature0_Handler                      0x00000283   Thumb Code     0  startup.o(RESET)
    Quadrature1_Handler                      0x00000283   Thumb Code     0  startup.o(RESET)
    Quadrature2_Handler                      0x00000283   Thumb Code     0  startup.o(RESET)
    SSI0_Handler                             0x00000283   Thumb Code     0  startup.o(RESET)
    SSI1_Handler                             0x00000283   Thumb Code     0  startup.o(RESET)
    SSI2_Handler                             0x00000283   Thumb Code     0  startup.o(RESET)
    SSI3_Handler                             0x00000283   Thumb Code     0  startup.o(RESET)
    SysCtl_Handler                           0x00000283   Thumb Code     0  startup.o(RESET)
    Timer0B_Handler                          0x00000283   Thumb Code     0  startup.o(RESET)
    Timer1B_Handler                          0x00000283   Thumb Code     0  startup.o(RESET)
    Timer2B_Handler                          0x00000283   Thumb Code     0  startup.o(RESET)
    Timer3A_Handler                          0x00000283   Thumb Code     0  startup.o(RESET)
    Timer3B_Handler                          0x00000283   Thumb Code     0  startup.o(RESET)
    Timer4A_Handler                          0x00000283   Thumb Code     0  startup.o(RESET)
    Timer4B_Handler                          0x00000283   Thumb Code     0  startup.o(RESET)
    Timer5A_Handler                          0x00000283   Thumb Code     0  startup.o(RESET)
    Timer5B_Handler                          0x00000283   Thumb Code     0  startup.o(RESET)
    UART0_Handler                            0x00000283   Thumb Code     0  startup.o(RESET)
    UART2_Handler                            0x00000283   Thumb Code     0  startup.o(RESET)
    UART3_Handler                            0x00000283   Thumb Code     0  startup.o(RESET)
    UART4_Handler                            0x00000283   Thumb Code     0  startup.o(RESET)
    UART5_Handler                            0x00000283   Thumb Code     0  startup.o(RESET)
    UART6_Handler                            0x00000283   Thumb Code     0  startup.o(RESET)
    UART7_Handler                            0x00000283   Thumb Code     0  startup.o(RESET)
    USB0_Handler                             0x00000283   Thumb Code     0  startup.o(RESET)
    WDT_Handler                              0x00000283   Thumb Code     0  startup.o(RESET)
    WideTimer0A_Handler                      0x00000283   Thumb Code     0  startup.o(RESET)
    WideTimer0B_Handler                      0x00000283   Thumb Code     0  startup.o(RESET)
    WideTimer1A_Handler                      0x00000283   Thumb Code     0  startup.o(RESET)
    WideTimer1B_Handler                      0x00000283   Thumb Code     0  startup.o(RESET)
    WideTimer2A_Handler                      0x00000283   Thumb Code     0  startup.o(RESET)
    WideTimer2B_Handler                      0x00000283   Thumb Code     0  startup.o(RESET)
    WideTimer3A_Handler                      0x00000283   Thumb Code     0  startup.o(RESET)
    WideTimer3B_Handler                      0x00000283   Thumb Code     0  startup.o(RESET)
    WideTimer4A_Handler                      0x00000283   Thumb Code     0  startup.o(RESET)
    WideTimer4B_Handler                      0x00000283   Thumb Code     0  startup.o(RESET)
    WideTimer5A_Handler                      0x00000283   Thumb Code     0  startup.o(RESET)
    WideTimer5B_Handler                      0x00000283   Thumb Code     0  startup.o(RESET)
    uDMA_Error                               0x00000283   Thumb Code     0  startup.o(RESET)
    uDMA_Handler                             0x00000283   Thumb Code     0  startup.o(RESET)
    __main                                   0x00000285   Thumb Code     0  entry.o(.ARM.Collect$$$$00000000)
    _main_stk                                0x00000285   Thumb Code     0  entry2.o(.ARM.Collect$$$$00000001)
    _main_scatterload                        0x00000289   Thumb Code     0  entry5.o(.ARM.Collect$$$$00000004)
    __main_after_scatterload                 0x0000028d   Thumb Code     0  entry5.o(.ARM.Collect$$$$00000004)
    _main_clock                              0x0000028d   Thumb Code     0  entry7b.o(.ARM.Collect$$$$00000008)
    _main_cpp_init                           0x0000028d   Thumb Code     0  entry8b.o(.ARM.Collect$$$$0000000A)
    _main_init                               0x0000028d   Thumb Code     0  entry9a.o(.ARM.Collect$$$$0000000B)
    __rt_final_cpp                           0x00000295   Thumb Code     0  entry10a.o(.ARM.Collect$$$$0000000D)
    __rt_final_exit                          0x00000295   Thumb Code     0  entry11a.o(.ARM.Collect$$$$0000000F)
    DisableInterrupts                        0x00000299   Thumb Code     0  startup.o(.text)
    EnableInterrupts                         0x0000029d   Thumb Code     0  startup.o(.text)
    StartCritical                            0x000002a1   Thumb Code     0  startup.o(.text)
    EndCritical                              0x000002a9   Thumb Code     0  startup.o(.text)
    WaitForInterrupt                         0x000002af   Thumb Code     0  startup.o(.text)
    Random_Init                              0x000002b5   Thumb Code     0  random.o(.text)
    Random32                                 0x000002bb   Thumb Code     2  random.o(.text)
    Random                                   0x000002cd   Thumb Code     2  random.o(.text)
    writecommand                             0x000002f1   Thumb Code     0  lcd.o(.text)
    writedata                                0x00000319   Thumb Code     0  lcd.o(.text)
    LCD_OutDec                               0x00000341   Thumb Code     0  print.o(.text)
    LCD_OutFix                               0x000003cf   Thumb Code     0  print.o(.text)
    __aeabi_dadd                             0x000004ed   Thumb Code   322  dadd.o(.text)
    __aeabi_dsub                             0x0000062f   Thumb Code     6  dadd.o(.text)
    __aeabi_drsub                            0x00000635   Thumb Code     6  dadd.o(.text)
    __aeabi_dmul                             0x0000063b   Thumb Code   228  dmul.o(.text)
    __aeabi_ui2d                             0x0000071f   Thumb Code    26  dfltui.o(.text)
    __aeabi_d2uiz                            0x00000739   Thumb Code    50  dfixui.o(.text)
    __aeabi_llsl                             0x0000076b   Thumb Code    30  llshl.o(.text)
    _ll_shift_l                              0x0000076b   Thumb Code     0  llshl.o(.text)
    __aeabi_llsr                             0x00000789   Thumb Code    32  llushr.o(.text)
    _ll_ushift_r                             0x00000789   Thumb Code     0  llushr.o(.text)
    __aeabi_lasr                             0x000007a9   Thumb Code    36  llsshr.o(.text)
    _ll_sshift_r                             0x000007a9   Thumb Code     0  llsshr.o(.text)
    __I$use$fp                               0x000007cd   Thumb Code     0  iusefp.o(.text)
    _double_round                            0x000007cd   Thumb Code    26  depilogue.o(.text)
    _double_epilogue                         0x000007e7   Thumb Code   164  depilogue.o(.text)
    __scatterload                            0x0000088d   Thumb Code    28  init.o(.text)
    __scatterload_rt2                        0x0000088d   Thumb Code     0  init.o(.text)
    ADC_In                                   0x000008b1   Thumb Code    36  adc.o(i.ADC_In)
    ADC_Init                                 0x000008dd   Thumb Code   198  adc.o(i.ADC_Init)
    Add_Line                                 0x000009bd   Thumb Code    86  blocks.o(i.Add_Line)
    Board_Init                               0x00000a21   Thumb Code    50  tetris.o(i.Board_Init)
    ButtonSound                              0x00000a59   Thumb Code    14  sound.o(i.ButtonSound)
    Check_Board                              0x00000a6d   Thumb Code   254  tetris.o(i.Check_Board)
    Check_Collision                          0x00000b89   Thumb Code   300  blocks.o(i.Check_Collision)
    Check_Drop                               0x00000cbd   Thumb Code   234  blocks.o(i.Check_Drop)
    Coordinate_ConversionX                   0x00000db1   Thumb Code     8  tetris.o(i.Coordinate_ConversionX)
    Coordinate_ConversionY                   0x00000db9   Thumb Code    10  tetris.o(i.Coordinate_ConversionY)
    DAC_Init                                 0x00000dc5   Thumb Code    70  dac.o(i.DAC_Init)
    DAC_Out                                  0x00000e19   Thumb Code     6  dac.o(i.DAC_Out)
    Delay100ms                               0x00000e25   Thumb Code    30  tetris.o(i.Delay100ms)
    Delay1ms                                 0x00000e49   Thumb Code    32  st7735.o(i.Delay1ms)
    Display_Board                            0x00000e69   Thumb Code   306  tetris.o(i.Display_Board)
    Display_Init                             0x00000fc5   Thumb Code    60  tetris.o(i.Display_Init)
    Drop_Block                               0x00001005   Thumb Code   168  blocks.o(i.Drop_Block)
    Erase_Block                              0x000010c9   Thumb Code   280  blocks.o(i.Erase_Block)
    FastDrop_Block                           0x000011f1   Thumb Code    34  blocks.o(i.FastDrop_Block)
    FiFo_Get                                 0x0000121d   Thumb Code    54  fifo.o(i.FiFo_Get)
    FiFo_Init                                0x00001261   Thumb Code    12  fifo.o(i.FiFo_Init)
    FiFo_Put                                 0x00001275   Thumb Code    66  fifo.o(i.FiFo_Put)
    Floor                                    0x000012c5   Thumb Code    86  tetris.o(i.Floor)
    GPIOPortF_Handler                        0x0000131d   Thumb Code    14  tetris.o(i.GPIOPortF_Handler)
    Game_Over                                0x00001331   Thumb Code    66  tetris.o(i.Game_Over)
    Generate_Block                           0x00001391   Thumb Code  1080  blocks.o(i.Generate_Block)
    Output_Init                              0x000017cd   Thumb Code    16  st7735.o(i.Output_Init)
    PLL_Init                                 0x000017dd   Thumb Code   118  pll.o(i.PLL_Init)
    Place_Block                              0x00001859   Thumb Code   268  blocks.o(i.Place_Block)
    PortE_Init                               0x00001979   Thumb Code    74  tetris.o(i.PortE_Init)
    PortF_Init                               0x000019d1   Thumb Code   230  tetris.o(i.PortF_Init)
    Rotate_Block                             0x00001ad1   Thumb Code   450  blocks.o(i.Rotate_Block)
    ST7735_DrawBitmap                        0x00001cb1   Thumb Code   280  st7735.o(i.ST7735_DrawBitmap)
    ST7735_DrawCharS                         0x00001dd1   Thumb Code   232  st7735.o(i.ST7735_DrawCharS)
    ST7735_DrawPixel                         0x00001ec5   Thumb Code    64  st7735.o(i.ST7735_DrawPixel)
    ST7735_DrawString                        0x00001f0d   Thumb Code    86  st7735.o(i.ST7735_DrawString)
    ST7735_FillRect                          0x00001f65   Thumb Code   164  st7735.o(i.ST7735_FillRect)
    ST7735_FillScreen                        0x00002011   Thumb Code    28  st7735.o(i.ST7735_FillScreen)
    ST7735_InitR                             0x00002035   Thumb Code    90  st7735.o(i.ST7735_InitR)
    ST7735_OutChar                           0x000020b1   Thumb Code   176  st7735.o(i.ST7735_OutChar)
    ST7735_OutString                         0x00002185   Thumb Code    24  st7735.o(i.ST7735_OutString)
    ST7735_SetCursor                         0x0000219d   Thumb Code    22  st7735.o(i.ST7735_SetCursor)
    Sound_Blockhit                           0x000021bd   Thumb Code    14  sound.o(i.Sound_Blockhit)
    Sound_Gameover                           0x000021d1   Thumb Code    14  sound.o(i.Sound_Gameover)
    Sound_Init                               0x000021e5   Thumb Code    16  sound.o(i.Sound_Init)
    Sound_NewLine                            0x000021f5   Thumb Code    14  sound.o(i.Sound_NewLine)
    Sound_Play1                              0x00002209   Thumb Code    28  sound.o(i.Sound_Play1)
    Sound_Play2                              0x00002239   Thumb Code    26  sound.o(i.Sound_Play2)
    Sound_Rotate                             0x00002269   Thumb Code    14  sound.o(i.Sound_Rotate)
    Sound_Start                              0x0000227d   Thumb Code    14  sound.o(i.Sound_Start)
    SysTick_Handler                          0x00002291   Thumb Code   456  tetris.o(i.SysTick_Handler)
    SysTick_Init                             0x00002485   Thumb Code    42  tetris.o(i.SysTick_Init)
    Tetris_Init                              0x000024b9   Thumb Code  1218  blocks.o(i.Tetris_Init)
    Timer0A_Handler                          0x00002981   Thumb Code   338  timer0.o(i.Timer0A_Handler)
    Timer0_Init                              0x00002b15   Thumb Code    90  timer0.o(i.Timer0_Init)
    Timer1A_Handler                          0x00002b8d   Thumb Code   118  sound.o(i.Timer1A_Handler)
    Timer1_Init                              0x00002c19   Thumb Code    72  timer1.o(i.Timer1_Init)
    Timer2A_Handler                          0x00002c71   Thumb Code    34  timer2.o(i.Timer2A_Handler)
    UART1_Handler                            0x00002c9d   Thumb Code    42  uart.o(i.UART1_Handler)
    UART_InChar                              0x00002cd1   Thumb Code    20  uart.o(i.UART_InChar)
    UART_Init                                0x00002ce9   Thumb Code   188  uart.o(i.UART_Init)
    UART_OutChar                             0x00002dc5   Thumb Code    18  uart.o(i.UART_OutChar)
    Wait10ms                                 0x00002ddd   Thumb Code    32  io.o(i.Wait10ms)
    __scatterload_copy                       0x00002dfd   Thumb Code    14  handlers.o(i.__scatterload_copy)
    __scatterload_null                       0x00002e0b   Thumb Code     2  handlers.o(i.__scatterload_null)
    __scatterload_zeroinit                   0x00002e0d   Thumb Code    14  handlers.o(i.__scatterload_zeroinit)
    main                                     0x00002ff5   Thumb Code   326  tetris.o(i.main)
    soundwave                                0x000031dc   Data          64  sound.o(.constdata)
    blockrotate                              0x0000321c   Data        1740  sound.o(.constdata)
    forcehit                                 0x000038e8   Data        1452  sound.o(.constdata)
    Song                                     0x00003e94   Data       142174  sound.o(.constdata)
    gameover                                 0x000269f2   Data       44364  sound.o(.constdata)
    gameover2                                0x0003173e   Data        9804  sound.o(.constdata)
    RotateFail                               0x00033d8a   Data        6928  sound.o(.constdata)
    shoot                                    0x0003589a   Data        4080  sound.o(.constdata)
    IO_Sound_Effect                          0x0003688a   Data         764  sound.o(.constdata)
    Level                                    0x00036b86   Data        2448  sound.o(.constdata)
    explosion                                0x00037516   Data        2000  sound.o(.constdata)
    invaderkilled                            0x00037ce6   Data        3377  sound.o(.constdata)
    Drop                                     0x00038a17   Data        3832  sound.o(.constdata)
    button                                   0x0003990f   Data        1491  sound.o(.constdata)
    dBfs                                     0x0003a4c4   Data         512  st7735.o(.constdata)
    IBlock                                   0x0003a6c4   Data          98  tetris.o(.constdata)
    JBlock                                   0x0003a726   Data          98  tetris.o(.constdata)
    LBlock                                   0x0003a788   Data          98  tetris.o(.constdata)
    OBlock                                   0x0003a7ea   Data          98  tetris.o(.constdata)
    SBlock                                   0x0003a84c   Data          98  tetris.o(.constdata)
    TBlock                                   0x0003a8ae   Data          98  tetris.o(.constdata)
    ZBlock                                   0x0003a910   Data          98  tetris.o(.constdata)
    nBlock                                   0x0003a972   Data          98  tetris.o(.constdata)
    gBlock                                   0x0003a9d4   Data          98  tetris.o(.constdata)
    Region$$Table$$Base                      0x0003aa38   Number         0  anon$$obj.o(Region$$Table)
    Region$$Table$$Limit                     0x0003aa58   Number         0  anon$$obj.o(Region$$Table)
    TimerCount                               0x20000000   Data           4  timer0.o(.data)
    TimerCounter                             0x20000004   Data           4  timer0.o(.data)
    SoundIndex                               0x20000008   Data           4  sound.o(.data)
    SoundCount                               0x2000000c   Data           4  sound.o(.data)
    Index                                    0x20000010   Data           4  sound.o(.data)
    CurrSound                                0x20000014   Data           4  sound.o(.data)
    divide                                   0x20000018   Data           4  sound.o(.data)
    StX                                      0x2000001c   Data           4  st7735.o(.data)
    StY                                      0x20000020   Data           4  st7735.o(.data)
    StTextColor                              0x20000024   Data           2  st7735.o(.data)
    lastj                                    0x2000002c   Data           4  st7735.o(.data)
    Messageindex                             0x20000034   Data           4  st7735.o(.data)
    Ymax                                     0x20000038   Data           4  st7735.o(.data)
    Ymin                                     0x2000003c   Data           4  st7735.o(.data)
    X                                        0x20000040   Data           4  st7735.o(.data)
    Yrange                                   0x20000044   Data           4  st7735.o(.data)
    Position                                 0x20000048   Data           4  tetris.o(.data)
    TxCounter                                0x2000004c   Data           4  tetris.o(.data)
    linesCleared                             0x20000050   Data           4  tetris.o(.data)
    blocksPlaced                             0x20000054   Data           4  tetris.o(.data)
    fdropCount                               0x20000058   Data           4  tetris.o(.data)
    score                                    0x2000005c   Data           4  tetris.o(.data)
    level                                    0x20000060   Data           1  tetris.o(.data)
    startLine                                0x20000061   Data           1  tetris.o(.data)
    rotFlag                                  0x20000062   Data           1  tetris.o(.data)
    cFlag                                    0x20000063   Data           1  tetris.o(.data)
    uartFlag                                 0x20000064   Data           1  tetris.o(.data)
    Data                                     0x20000066   Data           2  tetris.o(.data)
    data                                     0x20000068   Data           1  tetris.o(.data)
    currentType                              0x20000069   Data           1  tetris.o(.data)
    currentRot                               0x2000006a   Data           1  tetris.o(.data)
    tempRot                                  0x2000006b   Data           1  tetris.o(.data)
    nextBlock                                0x2000006c   Data           1  tetris.o(.data)
    currentx                                 0x2000006d   Data           1  tetris.o(.data)
    tempx                                    0x2000006e   Data           1  tetris.o(.data)
    currenty                                 0x2000006f   Data           1  tetris.o(.data)
    tempy                                    0x20000070   Data           1  tetris.o(.data)
    xSave                                    0x20000071   Data           1  tetris.o(.data)
    ySave                                    0x20000072   Data           1  tetris.o(.data)
    blockColor                               0x20000074   Data          16  blocks.o(.data)
    dropFlag                                 0x20000084   Data           1  blocks.o(.data)
    genFlag                                  0x20000085   Data           1  blocks.o(.data)
    FIFO                                     0x20000088   Data           8  fifo.o(.data)
    RxCounter                                0x20000090   Data           4  uart.o(.data)
    DataLost                                 0x20000094   Data           4  uart.o(.data)
    Buffer                                   0x2000009c   Data         640  tetris.o(.bss)
    tempBuffer                               0x2000031c   Data         640  blocks.o(.bss)
    Tetris                                   0x2000059c   Data         448  blocks.o(.bss)
    __initial_sp                             0x20000b60   Data           0  startup.o(STACK)



==============================================================================

Memory Map of the image

  Image Entry point : 0x0000026d

  Load Region LR_1 (Base: 0x00000000, Size: 0x0003aaf4, Max: 0xffffffff, ABSOLUTE)

    Execution Region ER_RO (Base: 0x00000000, Size: 0x0003aa58, Max: 0xffffffff, ABSOLUTE)

    Base Addr    Size         Type   Attr      Idx    E Section Name        Object

    0x00000000   0x00000284   Code   RO            3  * RESET               startup.o
    0x00000284   0x00000000   Code   RO          793  * .ARM.Collect$$$$00000000  mc_w.l(entry.o)
    0x00000284   0x00000004   Code   RO          804    .ARM.Collect$$$$00000001  mc_w.l(entry2.o)
    0x00000288   0x00000004   Code   RO          807    .ARM.Collect$$$$00000004  mc_w.l(entry5.o)
    0x0000028c   0x00000000   Code   RO          809    .ARM.Collect$$$$00000008  mc_w.l(entry7b.o)
    0x0000028c   0x00000000   Code   RO          811    .ARM.Collect$$$$0000000A  mc_w.l(entry8b.o)
    0x0000028c   0x00000008   Code   RO          812    .ARM.Collect$$$$0000000B  mc_w.l(entry9a.o)
    0x00000294   0x00000000   Code   RO          814    .ARM.Collect$$$$0000000D  mc_w.l(entry10a.o)
    0x00000294   0x00000000   Code   RO          816    .ARM.Collect$$$$0000000F  mc_w.l(entry11a.o)
    0x00000294   0x00000004   Code   RO          805    .ARM.Collect$$$$00002712  mc_w.l(entry2.o)
    0x00000298   0x0000001c   Code   RO            4    .text               startup.o
    0x000002b4   0x0000003c   Code   RO           13    .text               random.o
    0x000002f0   0x00000050   Code   RO          205    .text               lcd.o
    0x00000340   0x000001ac   Code   RO          208    .text               print.o
    0x000004ec   0x0000014e   Code   RO          796    .text               mf_w.l(dadd.o)
    0x0000063a   0x000000e4   Code   RO          798    .text               mf_w.l(dmul.o)
    0x0000071e   0x0000001a   Code   RO          800    .text               mf_w.l(dfltui.o)
    0x00000738   0x00000032   Code   RO          802    .text               mf_w.l(dfixui.o)
    0x0000076a   0x0000001e   Code   RO          818    .text               mc_w.l(llshl.o)
    0x00000788   0x00000020   Code   RO          820    .text               mc_w.l(llushr.o)
    0x000007a8   0x00000024   Code   RO          822    .text               mc_w.l(llsshr.o)
    0x000007cc   0x00000000   Code   RO          824    .text               mc_w.l(iusefp.o)
    0x000007cc   0x000000be   Code   RO          825    .text               mf_w.l(depilogue.o)
    0x0000088a   0x00000002   PAD
    0x0000088c   0x00000024   Code   RO          827    .text               mc_w.l(init.o)
    0x000008b0   0x0000002c   Code   RO           41    i.ADC_In            adc.o
    0x000008dc   0x000000e0   Code   RO           42    i.ADC_Init          adc.o
    0x000009bc   0x00000064   Code   RO          663    i.Add_Line          blocks.o
    0x00000a20   0x00000038   Code   RO          492    i.Board_Init        tetris.o
    0x00000a58   0x00000014   Code   RO          102    i.ButtonSound       sound.o
    0x00000a6c   0x0000011c   Code   RO          493    i.Check_Board       tetris.o
    0x00000b88   0x00000134   Code   RO          664    i.Check_Collision   blocks.o
    0x00000cbc   0x000000f4   Code   RO          665    i.Check_Drop        blocks.o
    0x00000db0   0x00000008   Code   RO          494    i.Coordinate_ConversionX  tetris.o
    0x00000db8   0x0000000a   Code   RO          495    i.Coordinate_ConversionY  tetris.o
    0x00000dc2   0x00000002   PAD
    0x00000dc4   0x00000054   Code   RO           16    i.DAC_Init          dac.o
    0x00000e18   0x0000000c   Code   RO           17    i.DAC_Out           dac.o
    0x00000e24   0x00000024   Code   RO          496    i.Delay100ms        tetris.o
    0x00000e48   0x00000020   Code   RO          211    i.Delay1ms          st7735.o
    0x00000e68   0x0000015c   Code   RO          497    i.Display_Board     tetris.o
    0x00000fc4   0x00000040   Code   RO          498    i.Display_Init      tetris.o
    0x00001004   0x000000c4   Code   RO          666    i.Drop_Block        blocks.o
    0x000010c8   0x00000128   Code   RO          667    i.Erase_Block       blocks.o
    0x000011f0   0x0000002c   Code   RO          668    i.FastDrop_Block    blocks.o
    0x0000121c   0x00000044   Code   RO          733    i.FiFo_Get          fifo.o
    0x00001260   0x00000014   Code   RO          734    i.FiFo_Init         fifo.o
    0x00001274   0x00000050   Code   RO          735    i.FiFo_Put          fifo.o
    0x000012c4   0x00000056   Code   RO          499    i.Floor             tetris.o
    0x0000131a   0x00000002   PAD
    0x0000131c   0x00000014   Code   RO          500    i.GPIOPortF_Handler  tetris.o
    0x00001330   0x00000060   Code   RO          501    i.Game_Over         tetris.o
    0x00001390   0x0000043c   Code   RO          669    i.Generate_Block    blocks.o
    0x000017cc   0x00000010   Code   RO          214    i.Output_Init       st7735.o
    0x000017dc   0x0000007c   Code   RO          477    i.PLL_Init          pll.o
    0x00001858   0x00000120   Code   RO          670    i.Place_Block       blocks.o
    0x00001978   0x00000058   Code   RO          502    i.PortE_Init        tetris.o
    0x000019d0   0x00000100   Code   RO          503    i.PortF_Init        tetris.o
    0x00001ad0   0x000001e0   Code   RO          671    i.Rotate_Block      blocks.o
    0x00001cb0   0x00000120   Code   RO          218    i.ST7735_DrawBitmap  st7735.o
    0x00001dd0   0x000000f4   Code   RO          220    i.ST7735_DrawCharS  st7735.o
    0x00001ec4   0x00000048   Code   RO          223    i.ST7735_DrawPixel  st7735.o
    0x00001f0c   0x00000056   Code   RO          224    i.ST7735_DrawString  st7735.o
    0x00001f62   0x00000002   PAD
    0x00001f64   0x000000ac   Code   RO          225    i.ST7735_FillRect   st7735.o
    0x00002010   0x00000024   Code   RO          226    i.ST7735_FillScreen  st7735.o
    0x00002034   0x0000007c   Code   RO          228    i.ST7735_InitR      st7735.o
    0x000020b0   0x000000d4   Code   RO          230    i.ST7735_OutChar    st7735.o
    0x00002184   0x00000018   Code   RO          231    i.ST7735_OutString  st7735.o
    0x0000219c   0x00000020   Code   RO          241    i.ST7735_SetCursor  st7735.o
    0x000021bc   0x00000014   Code   RO          104    i.Sound_Blockhit    sound.o
    0x000021d0   0x00000014   Code   RO          107    i.Sound_Gameover    sound.o
    0x000021e4   0x00000010   Code   RO          108    i.Sound_Init        sound.o
    0x000021f4   0x00000014   Code   RO          110    i.Sound_NewLine     sound.o
    0x00002208   0x00000030   Code   RO          111    i.Sound_Play1       sound.o
    0x00002238   0x00000030   Code   RO          112    i.Sound_Play2       sound.o
    0x00002268   0x00000014   Code   RO          113    i.Sound_Rotate      sound.o
    0x0000227c   0x00000014   Code   RO          114    i.Sound_Start       sound.o
    0x00002290   0x000001f4   Code   RO          504    i.SysTick_Handler   tetris.o
    0x00002484   0x00000034   Code   RO          505    i.SysTick_Init      tetris.o
    0x000024b8   0x000004c8   Code   RO          672    i.Tetris_Init       blocks.o
    0x00002980   0x00000194   Code   RO           63    i.Timer0A_Handler   timer0.o
    0x00002b14   0x00000078   Code   RO           64    i.Timer0_Init       timer0.o
    0x00002b8c   0x0000008c   Code   RO          115    i.Timer1A_Handler   sound.o
    0x00002c18   0x00000058   Code   RO           90    i.Timer1_Init       timer1.o
    0x00002c70   0x0000002c   Code   RO          645    i.Timer2A_Handler   timer2.o
    0x00002c9c   0x00000034   Code   RO          760    i.UART1_Handler     uart.o
    0x00002cd0   0x00000018   Code   RO          761    i.UART_InChar       uart.o
    0x00002ce8   0x000000dc   Code   RO          762    i.UART_Init         uart.o
    0x00002dc4   0x00000018   Code   RO          763    i.UART_OutChar      uart.o
    0x00002ddc   0x00000020   Code   RO          618    i.Wait10ms          io.o
    0x00002dfc   0x0000000e   Code   RO          831    i.__scatterload_copy  mc_w.l(handlers.o)
    0x00002e0a   0x00000002   Code   RO          832    i.__scatterload_null  mc_w.l(handlers.o)
    0x00002e0c   0x0000000e   Code   RO          833    i.__scatterload_zeroinit  mc_w.l(handlers.o)
    0x00002e1a   0x00000056   Code   RO          245    i.commandList       st7735.o
    0x00002e70   0x00000184   Code   RO          246    i.commonInit        st7735.o
    0x00002ff4   0x00000160   Code   RO          507    i.main              tetris.o
    0x00003154   0x00000012   Code   RO          251    i.pushColor         st7735.o
    0x00003166   0x00000002   PAD
    0x00003168   0x00000074   Code   RO          252    i.setAddrWindow     st7735.o
    0x000031dc   0x00036d06   Data   RO          116    .constdata          sound.o
    0x00039ee2   0x000007e2   Data   RO          254    .constdata          st7735.o
    0x0003a6c4   0x00000372   Data   RO          509    .constdata          tetris.o
    0x0003aa36   0x00000002   PAD
    0x0003aa38   0x00000020   Data   RO          829    Region$$Table       anon$$obj.o


    Execution Region ER_RW (Base: 0x20000000, Size: 0x0000009c, Max: 0xffffffff, ABSOLUTE)

    Base Addr    Size         Type   Attr      Idx    E Section Name        Object

    0x20000000   0x00000008   Data   RW           65    .data               timer0.o
    0x20000008   0x00000014   Data   RW          117    .data               sound.o
    0x2000001c   0x0000002c   Data   RW          255    .data               st7735.o
    0x20000048   0x0000002b   Data   RW          510    .data               tetris.o
    0x20000073   0x00000001   PAD
    0x20000074   0x00000012   Data   RW          674    .data               blocks.o
    0x20000086   0x0000000a   Data   RW          736    .data               fifo.o
    0x20000090   0x00000008   Data   RW          764    .data               uart.o
    0x20000098   0x00000004   Data   RW           12    DATA                random.o


    Execution Region ER_ZI (Base: 0x2000009c, Size: 0x00000ac4, Max: 0xffffffff, ABSOLUTE)

    Base Addr    Size         Type   Attr      Idx    E Section Name        Object

    0x2000009c   0x00000280   Zero   RW          508    .bss                tetris.o
    0x2000031c   0x00000440   Zero   RW          673    .bss                blocks.o
    0x2000075c   0x00000004   PAD
    0x20000760   0x00000400   Zero   RW            1    STACK               startup.o


==============================================================================

Image component sizes


      Code (inc. data)   RO Data    RW Data    ZI Data      Debug   Object Name

       268         34          0          0          0       1921   adc.o
      4264        196          0         18       1088       7886   blocks.o
        96         20          0          0          0       5213   dac.o
       168         36          0         10          0       1637   fifo.o
        32          0          0          0          0        687   io.o
        80         12          0          0          0        196   lcd.o
       124          6          0          0          0        407   pll.o
       428          4          0          0          0        328   print.o
        60         14          0          4          0        192   random.o
       372        100     224518         20          0       5221   sound.o
      1946        182       2018         44          0      12552   st7735.o
       672        622          0          0       1024        884   startup.o
      2256        244        882         43        640       9277   tetris.o
       524         96          0          8          0       1194   timer0.o
        88         16          0          0          0        410   timer1.o
        44         10          0          0          0        390   timer2.o
       320         52          0          8          0       2186   uart.o

    ----------------------------------------------------------------------
     11750       1644     227452        156       2756      50581   Object Totals
         0          0         32          0          0          0   (incl. Generated)
         8          0          2          1          4          0   (incl. Padding)

    ----------------------------------------------------------------------

      Code (inc. data)   RO Data    RW Data    ZI Data      Debug   Library Member Name

         0          0          0          0          0          0   entry.o
         0          0          0          0          0          0   entry10a.o
         0          0          0          0          0          0   entry11a.o
         8          4          0          0          0          0   entry2.o
         4          0          0          0          0          0   entry5.o
         0          0          0          0          0          0   entry7b.o
         0          0          0          0          0          0   entry8b.o
         8          4          0          0          0          0   entry9a.o
        30          0          0          0          0          0   handlers.o
        36          8          0          0          0         68   init.o
         0          0          0          0          0          0   iusefp.o
        30          0          0          0          0         68   llshl.o
        36          0          0          0          0         68   llsshr.o
        32          0          0          0          0         68   llushr.o
       334          0          0          0          0        148   dadd.o
       190          0          0          0          0        176   depilogue.o
        50          0          0          0          0         76   dfixui.o
        26          0          0          0          0         76   dfltui.o
       228          0          0          0          0         96   dmul.o

    ----------------------------------------------------------------------
      1014         16          0          0          0        844   Library Totals
         2          0          0          0          0          0   (incl. Padding)

    ----------------------------------------------------------------------

      Code (inc. data)   RO Data    RW Data    ZI Data      Debug   Library Name

       184         16          0          0          0        272   mc_w.l
       828          0          0          0          0        572   mf_w.l

    ----------------------------------------------------------------------
      1014         16          0          0          0        844   Library Totals

    ----------------------------------------------------------------------

==============================================================================


      Code (inc. data)   RO Data    RW Data    ZI Data      Debug   

     12764       1660     227452        156       2756      47681   Grand Totals
     12764       1660     227452        156       2756      47681   ELF Image Totals
     12764       1660     227452        156          0          0   ROM Totals

==============================================================================

    Total RO  Size (Code + RO Data)               240216 ( 234.59kB)
    Total RW  Size (RW Data + ZI Data)              2912 (   2.84kB)
    Total ROM Size (Code + RO Data + RW Data)     240372 ( 234.74kB)

==============================================================================

