<html>
<body>
<pre>
<h1>µVision Build Log</h1>
<h2>Project:</h2>
C:\Keil\EE319KwareSpring2018\Git\EE319K_Lab10\Tetris.uvproj
Project File Date:  05/01/2018

<h2>Output:</h2>
Rebuild target 'Tetris'
assembling startup.s...
assembling random.s...
compiling DAC.c...
compiling ADC.c...
compiling Timer0.c...
compiling Timer1.c...
compiling Sound.c...
assembling LCD.s...
assembling Print.s...
compiling ST7735.c...
compiling PLL.c...
compiling Tetris.c...
compiling IO.c...
compiling Timer2.c...
compiling Blocks.c...
compiling FiFo.c...
compiling UART.c...
linking...
Program Size: Code=15624 RO-data=236200 RW-data=156 ZI-data=2756  
".\Tetris.axf" - 0 Error(s), 0 Warning(s).
Load "C:\\Keil\\EE319KwareSpring2018\\Git\\EE319K_Lab10\\Tetris.axf" 
Connecting: Mode=JTAG, Speed=1000000Hz
Erase Done.
Programming Done.
Verify OK.
Load "C:\\Keil\\EE319KwareSpring2018\\Git\\EE319K_Lab10\\Tetris.axf" 
Connecting: Mode=JTAG, Speed=1000000Hz
Erase Done.
Programming Done.
Verify OK.
</pre>
</body>
</html>
rtex-M4"
Load "C:\\Keil\\EE319KwareSpring2018\\Git\\EE319K_Lab10\\Tetris.axf" 
Connecting: Mode=JTAG, Speed=1000000Hz
Erase Done.
Programming Done.
Verify OK.
".\Tetris.axf" - 7 Error(s), 0 Warning(s).
Target not created
