<html>
<body>
<pre>
<h1>µVision Build Log</h1>
<h2>Project:</h2>
C:\Keil\EE319KwareSpring2018\Git\EE319K_Lab10\Tetris.uvproj
Project File Date:  04/28/2018

<h2>Output:</h2>
Build target 'Tetris'
compiling Blocks.c...
linking...
Program Size: Code=8760 RO-data=2864 RW-data=84 ZI-data=2852  
".\Tetris.axf" - 0 Error(s), 0 Warning(s).
Load "C:\\Keil\\EE319KwareSpring2018\\Git\\EE319K_Lab10\\Tetris.axf" 
Connecting: Mode=JTAG, Speed=1000000Hz
Erase Done.
Programming Done.
Verify OK.
</pre>
</body>
</html>
cks.c...
linking...
Program Size: Code=8768 RO-data=2864 RW-data=84 ZI-data=2852  
".\Tetris.axf" - 0 Error(s), 0 Warning(s).
Load "C:\\Keil\\EE319KwareSpring2018\\Git\\EE319K_Lab10\\Tetris.axf" 
Connecting: Mode=JTAG, Speed=1000000Hz
Erase Done.
Programming Done.
Verify OK.
_Init" declared implicitly
        Board_Init();
Tetris.c(146): warning:  #223-D: function "Display_Init" declared implicitly
        Display_Init();
Tetris.c(147): warning:  #223-D: function "PortE_Init" declared implicitly
        PortE_Init();
Tetris.c(148): warning:  #223-D: function "PortF_Init" declared implicitly
        PortF_Init();
Tetris.c(153): warning:  #223-D: function "SysTick_Init" declared implicitly
        SysTick_Init();
Tetris.c(155): warning:  #223-D: function "EnableInterrupts" declared implicitly
        EnableInterrupts();
Tetris.c(198): error:  #159: declaration is incompatible with previous "Board_Init" (declared at line 142)
  void Board_Init(void) {
Tetris.c(218): warning:  #223-D: function "DisableInterrupts" declared implicitly
                DisableInterrupts();
Tetris.c(257): error:  #159: declaration is incompatible with previous "Display_Init" (declared at line 146)
  void Display_Init(void) {
Tetris.c(282): error:  #20: identifier "IBlock" is undefined
                                                ST7735_DrawBitmap(t1, t2, IBlock, 7, 7);
Tetris.c(315): error:  #159: declaration is incompatible with previous "PortE_Init" (declared at line 147)
  void PortE_Init(void) {
Tetris.c(326): error:  #159: declaration is incompatible with previous "PortF_Init" (declared at line 148)
  void PortF_Init(void) {
Tetris.c(339): error:  #159: declaration is incompatible with previous "SysTick_Init" (declared at line 153)
  void SysTick_Init(void) {
Tetris.c(353): warning:  #223-D: function "Check_Collision" declared implicitly
        if (Check_Collision(currentType, currentRot, c, currenty) != 0) {
Tetris.c: 9 warnings, 7 errors
".\Tetris.axf" - 8 Error(s), 10 Warning(s).
Target not created
Load "C:\\Keil\\EE319KwareSpring2018\\Git\\EE319K_Lab10\\Tetris.axf" 
_____^
*** error 56: cannot open file
Error: Flash Download failed  -  Could not load file 'C:\Keil\EE319KwareSpring2018\Git\EE319K_Lab10\Tetris.axf'
